
> billzzy-lite@0.1.0 build
> next build

node.exe : [baseline-
browser-mapping] The 
data in this module 
is over two months 
old.  To ensure 
accurate Baseline 
data, please update: 
`npm i baseline-brows
er-mapping@latest -D`
At C:\Program Files\n
odejs\npm.ps1:29 
char:3
+   & $NODE_EXE 
$NPM_CLI_JS $args
+   ~~~~~~~~~~~~~~~~~
~~~~~~~~~~~~
    + CategoryInfo   
           : NotSpe  
  cified: ([baseli   
 ne-brows...ping@    
latest -D`:Strin    
g) [], RemoteExc    
eption
    + FullyQualified 
   ErrorId : Native  
  CommandError
 
 ΓÜá Warning: 
Next.js inferred 
your workspace root, 
but it may not be 
correct.
 We detected 
multiple lockfiles 
and selected the 
directory of C:\Users
\ARAVINDH\package-loc
k.json as the root 
directory.
 To silence this 
warning, set `outputF
ileTracingRoot` in 
your Next.js config, 
or consider removing 
one of the lockfiles 
if it's not needed.
   See https://nextjs
.org/docs/app/api-ref
erence/config/next-co
nfig-js/output#caveat
s for more 
information.
 Detected additional 
lockfiles: 
   * C:\Users\ARAVIND
H\Documents\techvasee
grah\billzzy-lite\Bil
lzzyLite\package-lock
.json

   Γû▓ Next.js 15.5.7
   - Environments: .env.local

   Creating an optimized production build ...
> [PWA] Compile server
> [PWA] Compile server
> [PWA] Compile client (static)
> [PWA] Auto register service worker with: C:\Users\ARAVINDH\Documents\techvaseegrah\billzzy-lite\BillzzyLite\node_modules\next-pwa\register.js
> [PWA] Service worker: C:\Users\ARAVINDH\Documents\techvaseegrah\billzzy-lite\BillzzyLite\public\sw.js
> [PWA]   url: /sw.js
> [PWA]   scope: /
Failed to compile.

./src/components/Bill
ing.tsx
Error:   [31mx[0m 
Expected ';', '}' or 
<eof>
    ,-[[36;1;4mC:\Us
ers\ARAVINDH\Document
s\techvaseegrah\billz
zy-lite\BillzzyLite\s
rc\components\Billing
.tsx[0m:14:1]
 [2m11[0m | } from 
'lucide-react';
 [2m12[0m | 
 [2m13[0m | // --- 
HELPER FUNCTIONS 
---illan
 [2m14[0m | uconst 
formatCurrency = 
(amount: number): 
string => {
    : [35;1m^^^|^^[
0m[33;1m 
^^^^^^^^^^^^^^[0m
    :    [35;1m`-- 
[35;1mThis is the 
expression part of 
an expression 
statement[0m[0m
 [2m15[0m |   
return new Intl.Numbe
rFormat("en-IN", {
 [2m16[0m |     
style: "currency",
 [2m16[0m |     
currency: "INR"
    `----

Caused by:
    Syntax Error

Import trace for 
requested module:
./src/components/Bill
ing.tsx
./src/app/(lite)/bill
ing/page.tsx


> Build failed 
because of webpack 
errors
